Microchip MPLAB XC8 Compiler V2.40

Linker command line:

-W-3 \
  --edf=C:\Program Files\Microchip\xc8\v2.40\pic\dat\20220703182018_en.msgs \
  -cn -h+dist/default/production\scooter1.X.production.sym \
  --cmf=dist/default/production\scooter1.X.production.cmf -z -Q18F46K20 \
  -oC:\Users\Lenovo\AppData\Local\Temp\xcAs5rg.4 --defsym=__MPLAB_BUILD=1 \
  --fixupoverflow=error -Mdist/default/production/scooter1.X.production.map \
  --md=C:\Users\Lenovo\AppData\Local\Temp\xcAs5rg.dat -E1 -ver=XC8 Compiler \
  --acfsm=1493 -ACODE=00h-0FFFFh -ACONST=00h-0FFFFh \
  -ASMALLCONST=01000h-010FFhx240 -AMEDIUMCONST=01000h-0FFFFh \
  -ACOMRAM=01h-05Fh -AABS1=00h-0F5Fh -ABIGRAM=01h-0F5Fh \
  -ARAM=060h-0FFh,0100h-01FFhx14,0F00h-0F5Fh -ABANK0=060h-0FFh \
  -ABANK1=0100h-01FFh -ABANK2=0200h-02FFh -ABANK3=0300h-03FFh \
  -ABANK4=0400h-04FFh -ABANK5=0500h-05FFh -ABANK6=0600h-06FFh \
  -ABANK7=0700h-07FFh -ABANK8=0800h-08FFh -ABANK9=0900h-09FFh \
  -ABANK10=0A00h-0AFFh -ABANK11=0B00h-0BFFh -ABANK12=0C00h-0CFFh \
  -ABANK13=0D00h-0DFFh -ABANK14=0E00h-0EFFh -ABANK15=0F00h-0F5Fh \
  -ASFR=0F60h-0FFFh -ABIGSFR=0F60h-0FFFh -ACONFIG=0300000h-030000Dh \
  -AIDLOC=0200000h-0200007h -AEEDATA=0F00000h-0F003FFh -peeprom_data=EEDATA \
  -preset_vec=00h,intcode,intcodelo,powerup,init -pramtop=01000h \
  -psmallconst=SMALLCONST -pmediumconst=MEDIUMCONST -pconst=CONST \
  -AFARRAM=00h-00h \
  -prdata=COMRAM,nvrram=COMRAM,nvbit=COMRAM,rbss=COMRAM,rbit=COMRAM \
  -pfarbss=FARRAM,fardata=FARRAM,nvFARRAM=FARRAM \
  -pintsave_regs=BIGRAM,bigbss=BIGRAM,bigdata=BIGRAM -pbss=RAM \
  -pidata=CODE,irdata=CODE,ibigdata=CODE,ifardata=CODE -prparam=COMRAM \
  C:\Users\Lenovo\AppData\Local\Temp\xcAs5rg.o \
  dist/default/production\scooter1.X.production.o 

Object code version is 3.11

Machine type is 18F46K20



                Name                               Link     Load   Length Selector   Space Scale
C:\Users\Lenovo\AppData\Local\Temp\xcAs5rg.o
                idloc                            200000   200000        8        0       5
                config                           300000   300000        E        0       4
                init                                  0        0        4        0       0
dist/default/production\scooter1.X.production.o
                idloc                            200000   200000        8        0       5
                config                           300000   300000        E        0       4
                text27                             FC66     FC66      39A     7E33       0
                text26                             F068     F068      106     7834       0
                text25                             E710     E710       26     7388       0
                text24                             F79E     F79E      1B4     7BCF       0
                text23                             F278     F278      12C     793C       0
                text22                             E974     E974       78     74BA       0
                text21                             E7C2     E7C2       60     73E1       0
                text20                             E9EC     E9EC       7A     74F6       0
                text19                             EF6E     EF6E       FA     77B7       0
                text18                             F16E     F16E      10A     78B7       0
                text17                             E890     E890       72     7448       0
                text16                             E902     E902       72     7481       0
                text15                             ECE6     ECE6       D8     7673       0
                text14                             E69E     E69E       1A     734F       0
                text13                             EDBE     EDBE       D8     76DF       0
                text12                             E6B8     E6B8       1A     735C       0
                text11                             EE96     EE96       D8     774B       0
                text10                             E6D2     E6D2       1A     7369       0
                text9                              EA66     EA66       86     7533       0
                text8                              EB72     EB72       A4     75B9       0
                text7                              F4D0     F4D0      140     7A68       0
                text6                              F610     F610      18E     7B08       0
                text5                              EC16     EC16       D0     760B       0
                text4                              E6EC     E6EC       24     7376       0
                text3                              E822     E822       6E     7411       0
                text2                              F3A4     F3A4      12C     79D2       0
                text1                              EAEC     EAEC       86     7576       0
                text0                              F952     F952      314     7CA9       0
                cstackCOMRAM                          1        1       3E        1       1
                dataBANK0                            60       60       35       60       1
                dataCOMRAM                           3F       3F       18        1       1
                bssCOMRAM                            57       57        9        1       1
                cinit                              E76C     E76C       56     73B6       0
                idataBANK0                         E737     E737       35     E737       0
                idataCOMRAM                        E686     E686       18     E686       0

TOTAL           Name                               Link     Load   Length     Space
        CLASS   CODE           
                init                                  0        0        4         0
                text27                             FC66     FC66      39A         0
                text26                             F068     F068      106         0
                text25                             E710     E710       26         0
                text24                             F79E     F79E      1B4         0
                text23                             F278     F278      12C         0
                text22                             E974     E974       78         0
                text21                             E7C2     E7C2       60         0
                text20                             E9EC     E9EC       7A         0
                text19                             EF6E     EF6E       FA         0
                text18                             F16E     F16E      10A         0
                text17                             E890     E890       72         0
                text16                             E902     E902       72         0
                text15                             ECE6     ECE6       D8         0
                text14                             E69E     E69E       1A         0
                text13                             EDBE     EDBE       D8         0
                text12                             E6B8     E6B8       1A         0
                text11                             EE96     EE96       D8         0
                text10                             E6D2     E6D2       1A         0
                text9                              EA66     EA66       86         0
                text8                              EB72     EB72       A4         0
                text7                              F4D0     F4D0      140         0
                text6                              F610     F610      18E         0
                text5                              EC16     EC16       D0         0
                text4                              E6EC     E6EC       24         0
                text3                              E822     E822       6E         0
                text2                              F3A4     F3A4      12C         0
                text1                              EAEC     EAEC       86         0
                text0                              F952     F952      314         0
                cinit                              E76C     E76C       56         0
                idataBANK0                         E737     E737       35         0
                idataCOMRAM                        E686     E686       18         0

        CLASS   CONST          

        CLASS   SMALLCONST     

        CLASS   MEDIUMCONST    

        CLASS   COMRAM         
                cstackCOMRAM                          1        1       3E         1
                dataCOMRAM                           3F       3F       18         1
                bssCOMRAM                            57       57        9         1

        CLASS   ABS1           

        CLASS   BIGRAM         

        CLASS   RAM            

        CLASS   BANK0          
                dataBANK0                            60       60       35         1

        CLASS   BANK1          

        CLASS   BANK2          

        CLASS   BANK3          

        CLASS   BANK4          

        CLASS   BANK5          

        CLASS   BANK6          

        CLASS   BANK7          

        CLASS   BANK8          

        CLASS   BANK9          

        CLASS   BANK10         

        CLASS   BANK11         

        CLASS   BANK12         

        CLASS   BANK13         

        CLASS   BANK14         

        CLASS   BANK15         

        CLASS   SFR            

        CLASS   BIGSFR         

        CLASS   CONFIG         
                config                           300000   300000        E         4

        CLASS   IDLOC          
                idloc                            200000   200000        8         5

        CLASS   EEDATA         

        CLASS   FARRAM         

        CLASS   HEAP           

        CLASS   STACK          



SEGMENTS        Name                           Load    Length   Top    Selector   Space  Class

                reset_vec                      000000  000004  000004         0       0  CODE    
                cstackCOMRAM                   000001  00005F  000060         1       1  COMRAM  
                dataBANK0                      000060  000035  000095        60       1  BANK0   
                idataCOMRAM                    00E686  000018  00E69E      E686       0  CODE    
                text14                         00E69E  00001A  00E6B8      734F       0  CODE    
                text12                         00E6B8  00001A  00E6D2      735C       0  CODE    
                text10                         00E6D2  00001A  00E6EC      7369       0  CODE    
                text4                          00E6EC  000024  00E710      7376       0  CODE    
                text25                         00E710  000026  00E736      7388       0  CODE    
                idataBANK0                     00E737  000035  00E76C      E737       0  CODE    
                cinit                          00E76C  000056  00E7C2      73B6       0  CODE    
                text21                         00E7C2  000060  00E822      73E1       0  CODE    
                text3                          00E822  00006E  00E890      7411       0  CODE    
                text17                         00E890  000072  00E902      7448       0  CODE    
                text16                         00E902  000072  00E974      7481       0  CODE    
                text22                         00E974  000078  00E9EC      74BA       0  CODE    
                text20                         00E9EC  00007A  00EA66      74F6       0  CODE    
                text9                          00EA66  000086  00EAEC      7533       0  CODE    
                text1                          00EAEC  000086  00EB72      7576       0  CODE    
                text8                          00EB72  0000A4  00EC16      75B9       0  CODE    
                text5                          00EC16  0000D0  00ECE6      760B       0  CODE    
                text15                         00ECE6  0000D8  00EDBE      7673       0  CODE    
                text13                         00EDBE  0000D8  00EE96      76DF       0  CODE    
                text11                         00EE96  0000D8  00EF6E      774B       0  CODE    
                text19                         00EF6E  0000FA  00F068      77B7       0  CODE    
                text26                         00F068  000106  00F16E      7834       0  CODE    
                text18                         00F16E  00010A  00F278      78B7       0  CODE    
                text23                         00F278  00012C  00F3A4      793C       0  CODE    
                text2                          00F3A4  00012C  00F4D0      79D2       0  CODE    
                text7                          00F4D0  000140  00F610      7A68       0  CODE    
                text6                          00F610  00018E  00F79E      7B08       0  CODE    
                text24                         00F79E  0001B4  00F952      7BCF       0  CODE    
                text0                          00F952  000314  00FC66      7CA9       0  CODE    
                text27                         00FC66  00039A  010000      7E33       0  CODE    


UNUSED ADDRESS RANGES

        Name                Unused          Largest block    Delta
        BANK0            000095-0000FF               6B
        BANK1            000100-0001FF              100
        BANK10           000A00-000AFF              100
        BANK11           000B00-000BFF              100
        BANK12           000C00-000CFF              100
        BANK13           000D00-000DFF              100
        BANK14           000E00-000EFF              100
        BANK15           000F00-000F5F               60
        BANK2            000200-0002FF              100
        BANK3            000300-0003FF              100
        BANK4            000400-0004FF              100
        BANK5            000500-0005FF              100
        BANK6            000600-0006FF              100
        BANK7            000700-0007FF              100
        BANK8            000800-0008FF              100
        BANK9            000900-0009FF              100
        BIGRAM           000095-000F5F              ECB
        BIGSFR           000F60-000FFF               A0
        CODE             000004-00E685             E682
                         00E736-00E736                1
        CONST            000004-00E685             E682
                         00E736-00E736                1
        EEDATA           F00000-F003FF              400
        MEDIUMCONST      001000-00E685             D686
                         00E736-00E736                1
        RAM              000095-000F5F              100
        SFR              000F60-000FFF               A0
        SMALLCONST       001000-00E685              100
                         00E736-00E736                1

                                  Symbol Table

?___fldiv                               cstackCOMRAM 000015
?___fltol                               cstackCOMRAM 00002E
?___lldiv                               cstackCOMRAM 000001
?___wmul                                cstackCOMRAM 000001
?___xxtofl                              cstackCOMRAM 000007
CCP_Init@_ccp_obj                       cstackCOMRAM 00000E
CCP_PWM_Set_Duty@_ccp_obj               cstackCOMRAM 000038
CCP_PWM_Set_Duty@_duty                  cstackCOMRAM 00003A
CCP_PWM_Set_Duty@l_duty_temp            cstackCOMRAM 00003D
CCP_PWM_Start@_ccp_obj                  cstackCOMRAM 000001
CCP_PWM_Stop@_ccp_obj                   cstackCOMRAM 000001
DC_motor_MOve_Anti_clock_Wise@motor     cstackCOMRAM 00000B
DC_motor_MOve_Anti_clock_Wise@pin_obj_1 cstackCOMRAM 00000E
DC_motor_MOve_Anti_clock_Wise@pin_obj_2 cstackCOMRAM 00000F
DC_motor_MOve_clock_Wise@motor          cstackCOMRAM 00000B
DC_motor_MOve_clock_Wise@pin_obj_1      cstackCOMRAM 00000E
DC_motor_MOve_clock_Wise@pin_obj_2      cstackCOMRAM 00000F
DC_motor_Stop@motor                     cstackCOMRAM 00000B
DC_motor_Stop@pin_obj_1                 cstackCOMRAM 00000E
DC_motor_Stop@pin_obj_2                 cstackCOMRAM 00000F
DC_motor_initialize@motor               cstackCOMRAM 00000A
DC_motor_initialize@pin_obj_1           cstackCOMRAM 00000D
DC_motor_initialize@pin_obj_2           cstackCOMRAM 00000E
_Button_Backward_state                  dataCOMRAM   00003F
_Button_forward_state                   dataCOMRAM   000040
_CCP1CONbits                            (abs)        000FBD
_CCP2CONbits                            (abs)        000FBA
_CCPR1L                                 (abs)        000FBE
_CCPR2L                                 (abs)        000FBB
_CCP_Init                               text6        00F610
_CCP_Init$1539                          cstackCOMRAM 000012
_CCP_Init$1540                          cstackCOMRAM 000016
_CCP_PWM_Set_Duty                       text23       00F278
_CCP_PWM_Start                          text22       00E974
_CCP_PWM_Stop                           text21       00E7C2
_DC_motor_MOve_Anti_clock_Wise          text15       00ECE6
_DC_motor_MOve_clock_Wise               text13       00EDBE
_DC_motor_Stop                          text11       00EE96
_DC_motor_initialize                    text5        00EC16
_LATA                                   (abs)        000F89
_LATB                                   (abs)        000F8A
_LATC                                   (abs)        000F8B
_LATD                                   (abs)        000F8C
_LATE                                   (abs)        000F8D
_LIGHTS_btn_OFF                         dataBANK0    000092
_LIGHTS_btn_OFF_activ                   dataCOMRAM   000054
_LIGHTS_btn_ON                          dataCOMRAM   000049
_LIGHTS_btn_ON_activ                    dataCOMRAM   000055
_LIGHT_LED                              dataCOMRAM   000056
_MOTORS_BACKWARD                        dataCOMRAM   000043
_MOTORS_BACKWARD_button_high_valid      bssCOMRAM    000057
_MOTORS_FORWARD                         dataCOMRAM   000046
_MOTORS_FORWARD_button_high_valid       bssCOMRAM    00005D
_MOTORS_btn_BACKWARD_activ              dataCOMRAM   000052
_MOTORS_btn_FORWARD_activ               dataCOMRAM   000053
_PIR1bits                               (abs)        000F9E
_PORTA                                  (abs)        000F80
_PORTB                                  (abs)        000F81
_PORTC                                  (abs)        000F82
_PORTD                                  (abs)        000F83
_PORTE                                  (abs)        000F84
_PR2                                    (abs)        000FCB
_Speed_down                             dataBANK0    00008C
_Speed_up                               dataBANK0    00008F
_T2CONbits                              (abs)        000FCA
_TRISA                                  (abs)        000F92
_TRISB                                  (abs)        000F93
_TRISC                                  (abs)        000F94
_TRISCbits                              (abs)        000F94
_TRISD                                  (abs)        000F95
_TRISE                                  (abs)        000F96
__HRAM                                  (abs)        000000
__Habs1                                 abs1         000000
__Hbank0                                bank0        000000
__Hbank1                                bank1        000000
__Hbank10                               bank10       000000
__Hbank11                               bank11       000000
__Hbank12                               bank12       000000
__Hbank13                               bank13       000000
__Hbank14                               bank14       000000
__Hbank15                               bank15       000000
__Hbank2                                bank2        000000
__Hbank3                                bank3        000000
__Hbank4                                bank4        000000
__Hbank5                                bank5        000000
__Hbank6                                bank6        000000
__Hbank7                                bank7        000000
__Hbank8                                bank8        000000
__Hbank9                                bank9        000000
__Hbigbss                               bigbss       000000
__Hbigdata                              bigdata      000000
__Hbigram                               bigram       000000
__Hbigsfr                               bigsfr       000000
__Hbss                                  bss          000000
__HbssCOMRAM                            bssCOMRAM    000000
__Hcinit                                cinit        000000
__Hclrtext                              clrtext      000000
__Hcomram                               comram       000000
__Hconfig                               config       30000E
__Hconst                                const        000000
__HcstackCOMRAM                         cstackCOMRAM 000000
__Hdata                                 data         000000
__HdataBANK0                            dataBANK0    000000
__HdataCOMRAM                           dataCOMRAM   000000
__Heeprom_data                          eeprom_data  000000
__Hfarbss                               farbss       000000
__Hfardata                              fardata      000000
__Hheap                                 heap         000000
__Hibigdata                             ibigdata     000000
__Hidata                                idata        000000
__HidataBANK0                           idataBANK0   000000
__HidataCOMRAM                          idataCOMRAM  000000
__Hidloc                                idloc        200008
__Hifardata                             ifardata     000000
__Hinit                                 init         000004
__Hintcode                              intcode      000000
__Hintcode_body                         intcode_body 000000
__Hintcodelo                            intcodelo    000000
__Hintentry                             intentry     000000
__Hintret                               intret       000000
__Hintsave_regs                         intsave_regs 000000
__Hirdata                               irdata       000000
__Hmediumconst                          mediumconst  000000
__HnvFARRAM                             nvFARRAM     000000
__Hnvbit                                nvbit        000000
__Hnvrram                               nvrram       000000
__Hparam                                rparam       000000
__Hpowerup                              powerup      000000
__Hram                                  ram          000000
__Hramtop                               ramtop       001000
__Hrbit                                 rbit         000000
__Hrbss                                 rbss         000000
__Hrdata                                rdata        000000
__Hreset_vec                            reset_vec    000000
__Hrparam                               rparam       000000
__Hsfr                                  sfr          000000
__Hsmallconst                           smallconst   000000
__Hspace_0                              (abs)        010000
__Hspace_1                              (abs)        000095
__Hspace_2                              (abs)        000000
__Hspace_4                              (abs)        60000E
__Hstack                                stack        000000
__Hstruct                               struct       000000
__Htemp                                 temp         000000
__Htext                                 text         000000
__Htext0                                text0        000000
__Htext1                                text1        000000
__Htext10                               text10       000000
__Htext11                               text11       000000
__Htext12                               text12       000000
__Htext13                               text13       000000
__Htext14                               text14       000000
__Htext15                               text15       000000
__Htext16                               text16       000000
__Htext17                               text17       000000
__Htext18                               text18       000000
__Htext19                               text19       000000
__Htext2                                text2        000000
__Htext20                               text20       000000
__Htext21                               text21       000000
__Htext22                               text22       000000
__Htext23                               text23       000000
__Htext24                               text24       000000
__Htext25                               text25       000000
__Htext26                               text26       000000
__Htext27                               text27       000000
__Htext3                                text3        000000
__Htext4                                text4        000000
__Htext5                                text5        000000
__Htext6                                text6        000000
__Htext7                                text7        000000
__Htext8                                text8        000000
__Htext9                                text9        000000
__LRAM                                  (abs)        000001
__Labs1                                 abs1         000000
__Lbank0                                bank0        000000
__Lbank1                                bank1        000000
__Lbank10                               bank10       000000
__Lbank11                               bank11       000000
__Lbank12                               bank12       000000
__Lbank13                               bank13       000000
__Lbank14                               bank14       000000
__Lbank15                               bank15       000000
__Lbank2                                bank2        000000
__Lbank3                                bank3        000000
__Lbank4                                bank4        000000
__Lbank5                                bank5        000000
__Lbank6                                bank6        000000
__Lbank7                                bank7        000000
__Lbank8                                bank8        000000
__Lbank9                                bank9        000000
__Lbigbss                               bigbss       000000
__Lbigdata                              bigdata      000000
__Lbigram                               bigram       000000
__Lbigsfr                               bigsfr       000000
__Lbss                                  bss          000000
__LbssCOMRAM                            bssCOMRAM    000000
__Lcinit                                cinit        000000
__Lclrtext                              clrtext      000000
__Lcomram                               comram       000000
__Lconfig                               config       000000
__Lconst                                const        000000
__LcstackCOMRAM                         cstackCOMRAM 000000
__Ldata                                 data         000000
__LdataBANK0                            dataBANK0    000000
__LdataCOMRAM                           dataCOMRAM   000000
__Leeprom_data                          eeprom_data  000000
__Lfarbss                               farbss       000000
__Lfardata                              fardata      000000
__Lheap                                 heap         000000
__Libigdata                             ibigdata     000000
__Lidata                                idata        000000
__LidataBANK0                           idataBANK0   000000
__LidataCOMRAM                          idataCOMRAM  000000
__Lidloc                                idloc        000000
__Lifardata                             ifardata     000000
__Linit                                 init         000000
__Lintcode                              intcode      000000
__Lintcode_body                         intcode_body 000000
__Lintcodelo                            intcodelo    000000
__Lintentry                             intentry     000000
__Lintret                               intret       000000
__Lintsave_regs                         intsave_regs 000000
__Lirdata                               irdata       000000
__Lmediumconst                          mediumconst  000000
__LnvFARRAM                             nvFARRAM     000000
__Lnvbit                                nvbit        000000
__Lnvrram                               nvrram       000000
__Lparam                                rparam       000000
__Lpowerup                              powerup      000000
__Lram                                  ram          000000
__Lramtop                               ramtop       001000
__Lrbit                                 rbit         000000
__Lrbss                                 rbss         000000
__Lrdata                                rdata        000000
__Lreset_vec                            reset_vec    000000
__Lrparam                               rparam       000000
__Lsfr                                  sfr          000000
__Lsmallconst                           smallconst   000000
__Lspace_0                              (abs)        000000
__Lspace_1                              (abs)        000000
__Lspace_2                              (abs)        000000
__Lspace_4                              (abs)        000000
__Lstack                                stack        000000
__Lstruct                               struct       000000
__Ltemp                                 temp         000000
__Ltext                                 text         000000
__Ltext0                                text0        000000
__Ltext1                                text1        000000
__Ltext10                               text10       000000
__Ltext11                               text11       000000
__Ltext12                               text12       000000
__Ltext13                               text13       000000
__Ltext14                               text14       000000
__Ltext15                               text15       000000
__Ltext16                               text16       000000
__Ltext17                               text17       000000
__Ltext18                               text18       000000
__Ltext19                               text19       000000
__Ltext2                                text2        000000
__Ltext20                               text20       000000
__Ltext21                               text21       000000
__Ltext22                               text22       000000
__Ltext23                               text23       000000
__Ltext24                               text24       000000
__Ltext25                               text25       000000
__Ltext26                               text26       000000
__Ltext27                               text27       000000
__Ltext3                                text3        000000
__Ltext4                                text4        000000
__Ltext5                                text5        000000
__Ltext6                                text6        000000
__Ltext7                                text7        000000
__Ltext8                                text8        000000
__Ltext9                                text9        000000
__S0                                    (abs)        010000
__S1                                    (abs)        000095
__S4                                    (abs)        000000
__S5                                    (abs)        000000
___fldiv                                text27       00FC66
___fldiv@a                              cstackCOMRAM 000019
___fldiv@aexp                           cstackCOMRAM 00002D
___fldiv@b                              cstackCOMRAM 000015
___fldiv@bexp                           cstackCOMRAM 00002C
___fldiv@grs                            cstackCOMRAM 000028
___fldiv@new_exp                        cstackCOMRAM 000026
___fldiv@rem                            cstackCOMRAM 000021
___fldiv@sign                           cstackCOMRAM 000025
___fltol                                text26       00F068
___fltol@exp1                           cstackCOMRAM 000037
___fltol@f1                             cstackCOMRAM 00002E
___fltol@sign1                          cstackCOMRAM 000036
___heap_hi                              (abs)        000000
___heap_lo                              (abs)        000000
___inthi_sp                             stack        000000
___intlo_sp                             stack        000000
___lldiv                                text8        00EB72
___lldiv@counter                        cstackCOMRAM 00000D
___lldiv@dividend                       cstackCOMRAM 000001
___lldiv@divisor                        cstackCOMRAM 000005
___lldiv@quotient                       cstackCOMRAM 000009
___param_bank                           (abs)        000000
___rparam_used                          (abs)        000001
___sp                                   stack        000000
___wmul                                 text25       00E710
___wmul@multiplicand                    cstackCOMRAM 000003
___wmul@multiplier                      cstackCOMRAM 000001
___wmul@product                         cstackCOMRAM 000005
___xxtofl                               text24       00F79E
___xxtofl@arg                           cstackCOMRAM 000011
___xxtofl@exp                           cstackCOMRAM 000010
___xxtofl@sign                          cstackCOMRAM 00000F
___xxtofl@val                           cstackCOMRAM 000007
__accesstop                             (abs)        000060
__activetblptr                          (abs)        000002
__end_of_CCP_Init                       text6        00F79E
__end_of_CCP_PWM_Set_Duty               text23       00F3A4
__end_of_CCP_PWM_Start                  text22       00E9EC
__end_of_CCP_PWM_Stop                   text21       00E822
__end_of_DC_motor_MOve_Anti_clock_Wise  text15       00EDBE
__end_of_DC_motor_MOve_clock_Wise       text13       00EE96
__end_of_DC_motor_Stop                  text11       00EF6E
__end_of_DC_motor_initialize            text5        00ECE6
__end_of___fldiv                        text27       010000
__end_of___fltol                        text26       00F16E
__end_of___lldiv                        text8        00EC16
__end_of___wmul                         text25       00E736
__end_of___xxtofl                       text24       00F952
__end_of__initialization                cinit        00E7B8
__end_of_button_initialize              text4        00E710
__end_of_button_read_state              text19       00F068
__end_of_gpio_pin_intilaize             text7        00F610
__end_of_gpio_pin_read_logic            text20       00EA66
__end_of_gpio_pin_write_logic           text18       00F278
__end_of_led_initialize                 text3        00E890
__end_of_led_turn_off                   text17       00E902
__end_of_led_turn_on                    text16       00E974
__end_of_main                           text0        00FC66
__end_of_scooter_backward               text14       00E6B8
__end_of_scooter_forward                text12       00E6D2
__end_of_scooter_stop                   text10       00E6EC
__end_of_segment_intilaize              text2        00F4D0
__end_of_segment_write                  text9        00EAEC
__end_of_system_init                    text1        00EB72
__initialization                        cinit        00E76C
__mediumconst                           mediumconst  000000
__pbssCOMRAM                            bssCOMRAM    000057
__pcinit                                cinit        00E76C
__pcstackCOMRAM                         cstackCOMRAM 000001
__pdataBANK0                            dataBANK0    000060
__pdataCOMRAM                           dataCOMRAM   00003F
__pidataBANK0                           idataBANK0   00E737
__pidataCOMRAM                          idataCOMRAM  00E686
__ptext0                                text0        00F952
__ptext1                                text1        00EAEC
__ptext10                               text10       00E6D2
__ptext11                               text11       00EE96
__ptext12                               text12       00E6B8
__ptext13                               text13       00EDBE
__ptext14                               text14       00E69E
__ptext15                               text15       00ECE6
__ptext16                               text16       00E902
__ptext17                               text17       00E890
__ptext18                               text18       00F16E
__ptext19                               text19       00EF6E
__ptext2                                text2        00F3A4
__ptext20                               text20       00E9EC
__ptext21                               text21       00E7C2
__ptext22                               text22       00E974
__ptext23                               text23       00F278
__ptext24                               text24       00F79E
__ptext25                               text25       00E710
__ptext26                               text26       00F068
__ptext27                               text27       00FC66
__ptext3                                text3        00E822
__ptext4                                text4        00E6EC
__ptext5                                text5        00EC16
__ptext6                                text6        00F610
__ptext7                                text7        00F4D0
__ptext8                                text8        00EB72
__ptext9                                text9        00EA66
__ramtop                                ramtop       001000
__smallconst                            smallconst   000000
_button_initialize                      text4        00E6EC
_button_read_state                      text19       00EF6E
_data                                   bssCOMRAM    00005F
_gpio_pin_intilaize                     text7        00F4D0
_gpio_pin_read_logic                    text20       00E9EC
_gpio_pin_write_logic                   text18       00F16E
_lat_register                           dataBANK0    00006A
_led_initialize                         text3        00E822
_led_turn_off                           text17       00E890
_led_turn_on                            text16       00E902
_main                                   text0        00F952
_motor_1                                dataCOMRAM   00004E
_motor_2                                dataCOMRAM   00004C
_motor_sp                               dataBANK0    00007E
_myseg                                  dataBANK0    000087
_port_register                          dataBANK0    000060
_scooter_backward                       text14       00E69E
_scooter_forward                        text12       00E6B8
_scooter_stop                           text10       00E6D2
_segment_intilaize                      text2        00F3A4
_segment_write                          text9        00EA66
_speed_down_btn_state                   dataCOMRAM   000050
_speed_down_btn_state_final             dataCOMRAM   000041
_speed_down_button_high_valid           bssCOMRAM    000059
_speed_up_btn_state                     dataCOMRAM   000051
_speed_up_btn_state_final               dataCOMRAM   000042
_speed_up_button_high_valid             bssCOMRAM    00005B
_system_init                            text1        00EAEC
_tris_register                          dataBANK0    000074
button_initialize@btn                   cstackCOMRAM 00000A
button_read_state@Pin_logic             cstackCOMRAM 00000F
button_read_state@btn                   cstackCOMRAM 00000A
button_read_state@btn_state             cstackCOMRAM 00000C
end_of_initialization                   cinit        00E7B8
gpio_pin_intilaize@pin                  cstackCOMRAM 000001
gpio_pin_intilaize@ret                  cstackCOMRAM 000009
gpio_pin_read_logic@pin                 cstackCOMRAM 000001
gpio_pin_read_logic@status              cstackCOMRAM 000003
gpio_pin_write_logic@logic              cstackCOMRAM 000003
gpio_pin_write_logic@pin                cstackCOMRAM 000001
gpio_pin_write_logic@ret                cstackCOMRAM 00000A
intlevel0                               text         000000
intlevel1                               text         000000
intlevel2                               text         000000
intlevel3                               text         000000
isa$std                                 (abs)        000001
isa$xinst                               (abs)        000000
led_initialize@led                      cstackCOMRAM 00000A
led_initialize@pin_obj                  cstackCOMRAM 00000D
led_turn_off@led                        cstackCOMRAM 00000B
led_turn_off@pin_obj                    cstackCOMRAM 00000E
led_turn_on@led                         cstackCOMRAM 00000B
led_turn_on@pin_obj                     cstackCOMRAM 00000E
segment_intilaize@seg                   cstackCOMRAM 00000A
segment_write@data                      cstackCOMRAM 00000D
segment_write@seg                       cstackCOMRAM 00000B
stackhi                                 (abs)        000000
stacklo                                 (abs)        000000
start                                   init         000000
start_initialization                    cinit        00E76C


MODULE INFORMATION

Module		Function		Class		Link	Load	Size
C:\Program Files\Microchip\xc8\v2.40\pic\sources\c99\common\sprcdiv.c
		___fldiv       		CODE           	FC66	0000	922

C:\Program Files\Microchip\xc8\v2.40\pic\sources\c99\common\sprcdiv.c estimated size: 922

C:\Program Files\Microchip\xc8\v2.40\pic\sources\c99\common\fltol.c
		___fltol       		CODE           	F068	0000	262

C:\Program Files\Microchip\xc8\v2.40\pic\sources\c99\common\fltol.c estimated size: 262

C:\Program Files\Microchip\xc8\v2.40\pic\sources\c99\common\Umul16.c
		___wmul        		CODE           	E710	0000	38

C:\Program Files\Microchip\xc8\v2.40\pic\sources\c99\common\Umul16.c estimated size: 38

C:\Program Files\Microchip\xc8\v2.40\pic\sources\c99\common\__lldiv.c
		___lldiv       		CODE           	EB72	0000	164

C:\Program Files\Microchip\xc8\v2.40\pic\sources\c99\common\__lldiv.c estimated size: 164

src/MCAL/CCP.c
		_CCP_Init      		CODE           	F610	0000	398
		_CCP_PWM_Stop  		CODE           	E7C2	0000	96
		_CCP_PWM_Start 		CODE           	E974	0000	120
		_CCP_PWM_Set_Duty		CODE           	F278	0000	300

src/MCAL/CCP.c estimated size: 914

C:\Program Files\Microchip\xc8\v2.40\pic\sources\c99\common\xxtofl.c
		___xxtofl      		CODE           	F79E	0000	436

C:\Program Files\Microchip\xc8\v2.40\pic\sources\c99\common\xxtofl.c estimated size: 436

src/ECU/HAL_LED.c
		_led_initialize		CODE           	E822	0000	110
		_led_turn_on   		CODE           	E902	0000	114
		_led_turn_off  		CODE           	E890	0000	114

src/ECU/HAL_LED.c estimated size: 338

MAin_scooter.c
		_system_init   		CODE           	EAEC	0000	134
		_main          		CODE           	F952	0000	788
		_scooter_forward		CODE           	E6B8	0000	26
		_scooter_stop  		CODE           	E6D2	0000	26
		_scooter_backward		CODE           	E69E	0000	26

MAin_scooter.c estimated size: 1000

shared
		__initialization		CODE           	E76C	0000	76

shared estimated size: 76

src/ECU/seven_seg.c
		_segment_write 		CODE           	EA66	0000	134
		_segment_intilaize		CODE           	F3A4	0000	300

src/ECU/seven_seg.c estimated size: 434

src/ECU/button.c
		_button_read_state		CODE           	EF6E	0000	250
		_button_initialize		CODE           	E6EC	0000	36

src/ECU/button.c estimated size: 286

INC/MCAL/GPIO.c
		_gpio_pin_write_logic		CODE           	F16E	0000	266
		_gpio_pin_intilaize		CODE           	F4D0	0000	320
		_gpio_pin_read_logic		CODE           	E9EC	0000	122

INC/MCAL/GPIO.c estimated size: 708

src/ECU/motor.c
		_DC_motor_MOve_Anti_clock_Wise		CODE           	ECE6	0000	216
		_DC_motor_Stop 		CODE           	EE96	0000	216
		_DC_motor_initialize		CODE           	EC16	0000	208
		_DC_motor_MOve_clock_Wise		CODE           	EDBE	0000	216

src/ECU/motor.c estimated size: 856

